Tue Dec 30 14:43:35 EST 2014
cs_complgrngn_test
---------------------------------------------------
sqrerr A 57.869995 == 57.869995 D 301.919983 == 301.919983
lmderr A 40.749996 == 40.749996D 271.059998 == 271.059998
lgr 781.135986 == 781.135986
