Wed Feb 25 14:48:18 EST 2015
cs_dbg_test
---------------------------------------------------
dbg_p_d_data_f: print 4  size 16 dp 0x1300200000
dbg_pdata_f: print 4 
0 -- 0.100000
1 -- 2.300000
2 -- 3.000000
3 -- 4.700000
dbg_pdata_f: print 4 
0 -- 0.100000
1 -- 2.300000
2 -- 3.000000
3 -- 4.700000
dbg_p_d_data_i: test first_last : FIRST 10 OF 30 size 40 dp 0x1300200000
dbg_pdata_i: test first_last : FIRST 10 OF 30
0 -- 00000000 0
1 -- 00000001 1
2 -- 00000002 2
3 -- 00000003 3
4 -- 00000004 4
5 -- 00000005 5
6 -- 00000006 6
7 -- 00000007 7
8 -- 00000008 8
9 -- 00000009 9
dbg_p_d_data_i: test first_last : CENTER 10 AFTER 15 size 40 dp 0x130020003c
dbg_pdata_i: test first_last : CENTER 10 AFTER 15
0 -- 0000000f 15
1 -- 00000010 16
2 -- 00000011 17
3 -- 00000012 18
4 -- 00000013 19
5 -- 00000014 20
6 -- 00000015 21
7 -- 00000016 22
8 -- 00000017 23
9 -- 00000018 24
dbg_p_d_data_i: test first_last : LAST 10 AFTER 20 size 40 dp 0x1300200050
dbg_pdata_i: test first_last : LAST 10 AFTER 20
0 -- 00000014 20
1 -- 00000015 21
2 -- 00000016 22
3 -- 00000017 23
4 -- 00000018 24
5 -- 00000019 25
6 -- 0000001a 26
7 -- 0000001b 27
8 -- 0000001c 28
9 -- 0000001d 29
dbg_pdata_i: test first_last : FIRST 10 OF 30
0 -- 00000000 0
1 -- 00000001 1
2 -- 00000002 2
3 -- 00000003 3
4 -- 00000004 4
5 -- 00000005 5
6 -- 00000006 6
7 -- 00000007 7
8 -- 00000008 8
9 -- 00000009 9
dbg_pdata_i: test first_last : CENTER 10 AFTER 15
0 -- 0000000f 15
1 -- 00000010 16
2 -- 00000011 17
3 -- 00000012 18
4 -- 00000013 19
5 -- 00000014 20
6 -- 00000015 21
7 -- 00000016 22
8 -- 00000017 23
9 -- 00000018 24
dbg_pdata_i: test first_last : LAST 10 AFTER 20
0 -- 00000014 20
1 -- 00000015 21
2 -- 00000016 22
3 -- 00000017 23
4 -- 00000018 24
5 -- 00000019 25
6 -- 0000001a 26
7 -- 0000001b 27
8 -- 0000001c 28
9 -- 0000001d 29
dbg_pdata_c: test first_last : FIRST 10 OF 30
0 -- 00 0
1 -- 01 1
2 -- 02 2
3 -- 03 3
4 -- 04 4
5 -- 05 5
6 -- 06 6
7 -- 07 7
8 -- 08 8
9 -- 09 9
dbg_pdata_c: test first_last : CENTER 10 AFTER 15
0 -- 0f 15
1 -- 10 16
2 -- 11 17
3 -- 12 18
4 -- 13 19
5 -- 14 20
6 -- 15 21
7 -- 16 22
8 -- 17 23
9 -- 18 24
dbg_pdata_c: test first_last : LAST 10 AFTER 20
0 -- 14 20
1 -- 15 21
2 -- 16 22
3 -- 17 23
4 -- 18 24
5 -- 19 25
6 -- 1a 26
7 -- 1b 27
8 -- 1c 28
9 -- 1d 29
