h_do_dct_init: dct table 200000, size 216 -- 54 
h_do_dct_init: dct table 200400, size 216 -- 54 
dbg_p_data_i_cube float: before dct x/y/t 3 4 3
T = 0 
T 0, X 0 
 69.0000   9.0000  16.0000 100.0000 

T 0, X 1 
 11.0000  78.0000   9.0000  81.0000 

T 0, X 2 
 19.0000  14.0000  55.0000  63.0000 


T = 1 
T 1, X 0 
 75.0000  23.0000  83.0000   8.0000 

T 1, X 1 
 97.0000  82.0000  40.0000  44.0000 

T 1, X 2 
 27.0000  87.0000  15.0000  36.0000 


T = 2 
T 2, X 0 
 46.0000  92.0000  54.0000  45.0000 

T 2, X 1 
  1.0000  87.0000  26.0000  92.0000 

T 2, X 2 
 15.0000  58.0000  86.0000  52.0000 


h_do_dct: din 0x1300300000 dout 0x1300700000 x/y/z 3 4 3 dct_p 0x1300200414 nn 36
dbg_p_data_i_cube float: after dct x/y/t 3 4 3
T = 0 
T 0, X 0 
109.7060  71.5976  88.3422  88.3422 

T 0, X 1 
 62.9366 142.6178  43.3050 125.2958 

T 0, X 2 
 35.2214  91.8066  90.0744  87.1874 


T = 1 
T 1, X 0 
 16.2633 -58.6893 -26.8698  38.8905 

T 1, X 1 
  7.0710  -6.3639 -12.0207  -7.7781 

T 1, X 2 
  2.8284 -31.1124 -21.9201   7.7781 


T = 2 
T 2, X 0 
-14.2945  22.4487 -39.1955  52.6570 

T 2, X 1 
-74.3021   0.4000 -18.3730  34.6926 

T 2, X 2 
 -8.1667 -41.6451  45.3087  17.5490 


dbg_p_data_i_cube float: before idct x/y/t 3 4 3
T = 0 
T 0, X 0 
 69.0000   9.0000  16.0000 100.0000 

T 0, X 1 
 11.0000  78.0000   9.0000  81.0000 

T 0, X 2 
 19.0000  14.0000  55.0000  63.0000 


T = 1 
T 1, X 0 
 75.0000  23.0000  83.0000   8.0000 

T 1, X 1 
 97.0000  82.0000  40.0000  44.0000 

T 1, X 2 
 27.0000  87.0000  15.0000  36.0000 


T = 2 
T 2, X 0 
 46.0000  92.0000  54.0000  45.0000 

T 2, X 1 
  1.0000  87.0000  26.0000  92.0000 

T 2, X 2 
 15.0000  58.0000  86.0000  52.0000 


h_do_dct: din 0x1300300000 dout 0x1300700000 x/y/z 3 4 3 dct_p 0x13002004ec nn 36
dbg_p_data_i_cube float: after idct x/y/t 3 4 3
T = 0 
T 0, X 0 
111.6503  59.0143  89.9705  81.7658 

T 0, X 1 
 75.3483 138.5328  44.0938 115.4362 

T 0, X 2 
 36.1853  93.2769  77.4687  83.0582 


T = 1 
T 1, X 0 
  2.2816 -69.9214 -34.8526  20.9975 

T 1, X 1 
  5.5349 -25.9983 -16.0324 -28.3486 

T 1, X 2 
 -1.2769 -39.2734 -38.4620  -6.0818 


T = 2 
T 2, X 0 
  5.5853  26.4877 -27.4081  70.4522 

T 2, X 1 
-61.8291  22.5684 -12.4742  53.2114 

T 2, X 2 
 -1.9981 -29.7585  56.2557  32.1470 


