Fri Jan  2 17:27:30 EST 2015
cs_matrix_test
---------------------------------------------------
h_do_vector_add_destroy: 45 
h_do_vector_add_destroy: 36 
h_do_dot: 4785 
h_do_dot: 3804 
h_do_scale_mul_vector: din1 0x1300200000 scale 0.000000 tblsize 3
dbg_p_d_data_i: h_do_scale_mul_vector before size 40 dp 0x1300200000
dbg_pdata_i: h_do_scale_mul_vector before
0 -- 00000000 0
1 -- 00000001 1
2 -- 00000002 2
3 -- 00000003 3
4 -- 00000004 4
5 -- 00000005 5
6 -- 00000006 6
7 -- 00000007 7
8 -- 00000008 8
9 -- 00000009 9
dbg_p_d_data_i: h_do_scale_mul_vector after size 40 dp 0x1300200000
dbg_pdata_i: h_do_scale_mul_vector after
0 -- 00000000 0
1 -- 00000003 3
2 -- 00000006 6
3 -- 00000009 9
4 -- 0000000c 12
5 -- 0000000f 15
6 -- 00000012 18
7 -- 00000015 21
8 -- 00000018 24
9 -- 0000001b 27
0 : 100 
1 : 101 
2 : 102 
3 : 103 
4 : 104 
5 : 105 
6 : 106 
7 : 107 
8 : 108 
9 : 109 
h_do_scale_mul_vector: din1 0x1300200000 scale 0.500000 tblsize 10
dbg_p_d_data_f: after dp1 size 40 dp 0x1300200000
dbg_pdata_f: after dp1
0 -- 0.000000
1 -- 1.000000
2 -- 2.000000
3 -- 3.000000
4 -- 4.000000
5 -- 5.000000
6 -- 6.000000
7 -- 7.000000
8 -- 8.000000
9 -- 9.000000
dbg_p_d_data_f: after dp2 size 40 dp 0x1300200028
dbg_pdata_f: after dp2
0 -- 0.000000
1 -- 0.500000
2 -- 1.000000
3 -- 1.500000
4 -- 2.000000
5 -- 2.500000
6 -- 3.000000
7 -- 3.500000
8 -- 4.000000
9 -- 4.500000
------------------------------------------------------------------------
dbg_p_d_data_f: before dp1 size 40 dp 0x1300200000
dbg_pdata_f: before dp1
0 -- 0.000000
1 -- 1.000000
2 -- 2.000000
3 -- 3.000000
4 -- 4.000000
5 -- 5.000000
6 -- 6.000000
7 -- 7.000000
8 -- 8.000000
9 -- 9.000000
h_do_scale_mul_vector: din1 0x1300200000 scale 0.500000 tblsize 10
dbg_p_d_data_f: after dp1 size 40 dp 0x1300200000
dbg_pdata_f: after dp1
0 -- 0.000000
1 -- 0.500000
2 -- 1.000000
3 -- 1.500000
4 -- 2.000000
5 -- 2.500000
6 -- 3.000000
7 -- 3.500000
8 -- 4.000000
9 -- 4.500000
------------------------------------------------------------------------
fres 1.760000 
dbg_p_d_data_f: result  size 12 dp 0x1300200218
dbg_pdata_f: result 
0 -- 1.760000
1 -- 0.560000
2 -- 0.960000
dbg_p_d_data_f: result1  size 12 dp 0x1300200218
dbg_pdata_f: result1 
0 -- 3.280000
1 -- 0.560000
2 -- 0.960000
fres 3.280000 
h_do_scale_add_vector: din1 0x1300200000 scale 1.100000 tblsize 10
dbg_p_d_data_f: h_do_scale_add_vector size 40 dp 0x1300200000
dbg_pdata_f: h_do_scale_add_vector
0 -- 1.100000
1 -- 2.100000
2 -- 3.100000
3 -- 4.100000
4 -- 5.100000
5 -- 6.100000
6 -- 7.100000
7 -- 8.100000
8 -- 9.100000
9 -- 10.100000
dbg_p_d_data_f: h_do_scale_add_vector size 40 dp 0x1300200000
dbg_pdata_f: h_do_scale_add_vector
0 -- 2.200000
1 -- 3.200000
2 -- 4.200000
3 -- 5.200000
4 -- 6.200000
5 -- 7.200000
6 -- 8.200000
7 -- 9.200001
8 -- 10.200001
9 -- 11.200001
dbg_p_d_data_f: h_do_scale_add_vector caller size 40 dp 0x1300200000
dbg_pdata_f: h_do_scale_add_vector caller
0 -- 2.200000
1 -- 3.200000
2 -- 4.200000
3 -- 5.200000
4 -- 6.200000
5 -- 7.200000
6 -- 8.200000
7 -- 9.200001
8 -- 10.200001
9 -- 11.200001
h_do_copy_vector: din1 0x1300200000 out 0x1300200028 tblsize 10
dbg_p_d_data_f: h_do_copy_vector size 40 dp 0x1300200028
dbg_pdata_f: h_do_copy_vector
0 -- 2.200000
1 -- 3.200000
2 -- 4.200000
3 -- 5.200000
4 -- 6.200000
5 -- 7.200000
6 -- 8.200000
7 -- 9.200001
8 -- 10.200001
9 -- 11.200001
h_do_scale_add_vector: din1 0x1300200028 scale -6.000000 tblsize 10
dbg_p_d_data_f: h_do_scale_add_vector size 40 dp 0x1300200028
dbg_pdata_f: h_do_scale_add_vector
0 -- 2.200000
1 -- 3.200000
2 -- 4.200000
3 -- 5.200000
4 -- 6.200000
5 -- 7.200000
6 -- 8.200000
7 -- 9.200001
8 -- 10.200001
9 -- 11.200001
dbg_p_d_data_f: h_do_scale_add_vector size 40 dp 0x1300200028
dbg_pdata_f: h_do_scale_add_vector
0 -- -3.800000
1 -- -2.800000
2 -- -1.800000
3 -- -0.800000
4 -- 0.200000
5 -- 1.200000
6 -- 2.200000
7 -- 3.200001
8 -- 4.200001
9 -- 5.200001
dbg_p_d_data_f: h_do_abs_vector size 40 dp 0x1300200028
dbg_pdata_f: h_do_abs_vector
0 -- -3.800000
1 -- -2.800000
2 -- -1.800000
3 -- -0.800000
4 -- 0.200000
5 -- 1.200000
6 -- 2.200000
7 -- 3.200001
8 -- 4.200001
9 -- 5.200001
h_do_abs_vector: din1 0x1300200028 tblsize 10
dbg_p_d_data_f: h_do_copy_vector OUT size 40 dp 0x1300200028
dbg_pdata_f: h_do_copy_vector OUT
0 -- 3.800000
1 -- 2.800000
2 -- 1.800000
3 -- 0.800000
4 -- 0.200000
5 -- 1.200000
6 -- 2.200000
7 -- 3.200001
8 -- 4.200001
9 -- 5.200001
h_do_vector_sub_vector: din1 0x1300200000 din2 0x1300200028 out 0x1300200050 tblsize 10
dbg_p_d_data_f: h_do_vector_sub_vector 1 size 40 dp 0x1300200000
dbg_pdata_f: h_do_vector_sub_vector 1
0 -- 1.100000
1 -- 2.100000
2 -- 3.100000
3 -- 4.100000
4 -- 5.100000
5 -- 6.100000
6 -- 7.100000
7 -- 8.100000
8 -- 9.100000
9 -- 10.100000
dbg_p_d_data_f: h_do_vector_sub_vector 2 size 40 dp 0x1300200028
dbg_pdata_f: h_do_vector_sub_vector 2
0 -- 8.100000
1 -- 9.200001
2 -- 10.300000
3 -- 11.400001
4 -- 12.500000
5 -- 13.600000
6 -- 14.700001
7 -- 15.800000
8 -- 16.900000
9 -- 18.000000
dbg_p_d_data_f: h_do_vector_sub_vector in1 size 40 dp 0x1300200000
dbg_pdata_f: h_do_vector_sub_vector in1
0 -- 1.100000
1 -- 2.100000
2 -- 3.100000
3 -- 4.100000
4 -- 5.100000
5 -- 6.100000
6 -- 7.100000
7 -- 8.100000
8 -- 9.100000
9 -- 10.100000
dbg_p_d_data_f: h_do_vector_sub_vector in2 size 40 dp 0x1300200028
dbg_pdata_f: h_do_vector_sub_vector in2
0 -- 8.100000
1 -- 9.200001
2 -- 10.300000
3 -- 11.400001
4 -- 12.500000
5 -- 13.600000
6 -- 14.700001
7 -- 15.800000
8 -- 16.900000
9 -- 18.000000
dbg_p_d_data_f: h_do_vector_sub_vector OUT size 40 dp 0x1300200050
dbg_pdata_f: h_do_vector_sub_vector OUT
0 -- -7.000000
1 -- -7.100001
2 -- -7.200000
3 -- -7.300001
4 -- -7.400000
5 -- -7.500000
6 -- -7.600001
7 -- -7.700000
8 -- -7.799999
9 -- -7.900000
h_do_vector_add_vector: din1 0x1300200028 din2 0x1300200050 out 0x1300200000 tblsize 10
dbg_p_d_data_f: h_do_vector_add_vector 1 size 40 dp 0x1300200028
dbg_pdata_f: h_do_vector_add_vector 1
0 -- 8.100000
1 -- 9.200001
2 -- 10.300000
3 -- 11.400001
4 -- 12.500000
5 -- 13.600000
6 -- 14.700001
7 -- 15.800000
8 -- 16.900000
9 -- 18.000000
dbg_p_d_data_f: h_do_vector_add_vector 2 size 40 dp 0x1300200050
dbg_pdata_f: h_do_vector_add_vector 2
0 -- -7.000000
1 -- -7.100001
2 -- -7.200000
3 -- -7.300001
4 -- -7.400000
5 -- -7.500000
6 -- -7.600001
7 -- -7.700000
8 -- -7.799999
9 -- -7.900000
dbg_p_d_data_f: h_do_vector_add_vector in1 size 40 dp 0x1300200050
dbg_pdata_f: h_do_vector_add_vector in1
0 -- -7.000000
1 -- -7.100001
2 -- -7.200000
3 -- -7.300001
4 -- -7.400000
5 -- -7.500000
6 -- -7.600001
7 -- -7.700000
8 -- -7.799999
9 -- -7.900000
dbg_p_d_data_f: h_do_vector_add_vector in2 size 40 dp 0x1300200028
dbg_pdata_f: h_do_vector_add_vector in2
0 -- 8.100000
1 -- 9.200001
2 -- 10.300000
3 -- 11.400001
4 -- 12.500000
5 -- 13.600000
6 -- 14.700001
7 -- 15.800000
8 -- 16.900000
9 -- 18.000000
dbg_p_d_data_f: h_do_vector_add_vector OUT size 40 dp 0x1300200000
dbg_pdata_f: h_do_vector_add_vector OUT
0 -- 1.100000
1 -- 2.100000
2 -- 3.100000
3 -- 4.100000
4 -- 5.100000
5 -- 6.100000
6 -- 7.100000
7 -- 8.100000
8 -- 9.100000
9 -- 10.100000
testing h_do_vector_2_norm size 10 ---------------------------------------
h_do_vector_2_norm: din 0x1300200000 dout 0x1300200028 tblsize 10
h_do_vector_2_norm: 2 norm 19.902262 
h_do_vector_2_norm: d 19.902262 
h_do_copy_vector: din1 0x1300200000 out 0x1300200028 tblsize 10
dbg_p_d_data_f: h_do_max_destroy before size 40 dp 0x1300200028
dbg_pdata_f: h_do_max_destroy before
0 -- -1.100000
1 -- 2.100000
2 -- -3.100000
3 -- 4.100000
4 -- -5.100000
5 -- 6.100000
6 -- -7.100000
7 -- 8.100000
8 -- -9.100000
9 -- 10.100000
dbg_p_d_data_f: h_do_max_destroy after size 40 dp 0x1300200028
dbg_pdata_f: h_do_max_destroy after
0 -- -1.100000
1 -- 10.100000
2 -- -3.100000
3 -- 4.100000
4 -- -5.100000
5 -- 6.100000
6 -- -7.100000
7 -- 8.100000
8 -- -9.100000
9 -- 10.100000
dbg_p_d_data_f: h_do_max_destroy before size 32 dp 0x1300200028
dbg_pdata_f: h_do_max_destroy before
0 -- -1.100000
1 -- 10.100000
2 -- -3.100000
3 -- 4.100000
4 -- -5.100000
5 -- 6.100000
6 -- -7.100000
7 -- 8.100000
dbg_p_d_data_f: h_do_max_destroy after size 32 dp 0x1300200028
dbg_pdata_f: h_do_max_destroy after
0 -- -1.100000
1 -- 10.100000
2 -- -3.100000
3 -- 8.100000
4 -- -5.100000
5 -- 6.100000
6 -- -7.100000
7 -- 8.100000
dbg_p_d_data_f: h_do_max_destroy before size 16 dp 0x1300200028
dbg_pdata_f: h_do_max_destroy before
0 -- -1.100000
1 -- 10.100000
2 -- -3.100000
3 -- 8.100000
dbg_p_d_data_f: h_do_max_destroy after size 16 dp 0x1300200028
dbg_pdata_f: h_do_max_destroy after
0 -- -1.100000
1 -- 10.100000
2 -- -3.100000
3 -- 8.100000
dbg_p_d_data_f: h_do_max_destroy before size 8 dp 0x1300200028
dbg_pdata_f: h_do_max_destroy before
0 -- -1.100000
1 -- 10.100000
dbg_p_d_data_f: h_do_max_destroy after size 8 dp 0x1300200028
dbg_pdata_f: h_do_max_destroy after
0 -- 10.100000
1 -- 10.100000
h_do_max_destroy: d 10.100000 
h_do_vector_inf_norm: din 0x1300200000 dout 0x1300200028 tblsize 10
h_do_copy_vector: din1 0x1300200000 out 0x1300200028 tblsize 10
h_do_abs_vector: din1 0x1300200028 tblsize 10
dbg_p_d_data_f: h_do_max_destroy before size 40 dp 0x1300200028
dbg_pdata_f: h_do_max_destroy before
0 -- 1.100000
1 -- 2.100000
2 -- 3.100000
3 -- 4.100000
4 -- 5.100000
5 -- 6.100000
6 -- 7.100000
7 -- 8.100000
8 -- 9.100000
9 -- 10.100000
dbg_p_d_data_f: h_do_max_destroy after size 40 dp 0x1300200028
dbg_pdata_f: h_do_max_destroy after
0 -- 9.100000
1 -- 10.100000
2 -- 3.100000
3 -- 4.100000
4 -- 5.100000
5 -- 6.100000
6 -- 7.100000
7 -- 8.100000
8 -- 9.100000
9 -- 10.100000
dbg_p_d_data_f: h_do_max_destroy before size 32 dp 0x1300200028
dbg_pdata_f: h_do_max_destroy before
0 -- 9.100000
1 -- 10.100000
2 -- 3.100000
3 -- 4.100000
4 -- 5.100000
5 -- 6.100000
6 -- 7.100000
7 -- 8.100000
dbg_p_d_data_f: h_do_max_destroy after size 32 dp 0x1300200028
dbg_pdata_f: h_do_max_destroy after
0 -- 9.100000
1 -- 10.100000
2 -- 7.100000
3 -- 8.100000
4 -- 5.100000
5 -- 6.100000
6 -- 7.100000
7 -- 8.100000
dbg_p_d_data_f: h_do_max_destroy before size 16 dp 0x1300200028
dbg_pdata_f: h_do_max_destroy before
0 -- 9.100000
1 -- 10.100000
2 -- 7.100000
3 -- 8.100000
dbg_p_d_data_f: h_do_max_destroy after size 16 dp 0x1300200028
dbg_pdata_f: h_do_max_destroy after
0 -- 9.100000
1 -- 10.100000
2 -- 7.100000
3 -- 8.100000
dbg_p_d_data_f: h_do_max_destroy before size 8 dp 0x1300200028
dbg_pdata_f: h_do_max_destroy before
0 -- 9.100000
1 -- 10.100000
dbg_p_d_data_f: h_do_max_destroy after size 8 dp 0x1300200028
dbg_pdata_f: h_do_max_destroy after
0 -- 10.100000
1 -- 10.100000
h_do_vector_inf_norm: inf norm 10.100000 
h_do_vector_inf_norm: d 10.100000 
testing h_do_vector_2_norm size 8 ---------------------------------------
h_do_vector_2_norm: din 0x1300200000 dout 0x1300200028 tblsize 8
h_do_vector_2_norm: 2 norm 14.535475 
h_do_vector_2_norm: d 14.535475 
h_do_copy_vector: din1 0x1300200000 out 0x1300200028 tblsize 8
dbg_p_d_data_f: h_do_max_destroy before size 32 dp 0x1300200028
dbg_pdata_f: h_do_max_destroy before
0 -- -8.100000
1 -- 7.100000
2 -- -6.100000
3 -- 5.100000
4 -- -4.100000
5 -- 3.100000
6 -- -2.100000
7 -- 1.100000
dbg_p_d_data_f: h_do_max_destroy after size 32 dp 0x1300200028
dbg_pdata_f: h_do_max_destroy after
0 -- -4.100000
1 -- 7.100000
2 -- -2.100000
3 -- 5.100000
4 -- -4.100000
5 -- 3.100000
6 -- -2.100000
7 -- 1.100000
dbg_p_d_data_f: h_do_max_destroy before size 16 dp 0x1300200028
dbg_pdata_f: h_do_max_destroy before
0 -- -4.100000
1 -- 7.100000
2 -- -2.100000
3 -- 5.100000
dbg_p_d_data_f: h_do_max_destroy after size 16 dp 0x1300200028
dbg_pdata_f: h_do_max_destroy after
0 -- -2.100000
1 -- 7.100000
2 -- -2.100000
3 -- 5.100000
dbg_p_d_data_f: h_do_max_destroy before size 8 dp 0x1300200028
dbg_pdata_f: h_do_max_destroy before
0 -- -2.100000
1 -- 7.100000
dbg_p_d_data_f: h_do_max_destroy after size 8 dp 0x1300200028
dbg_pdata_f: h_do_max_destroy after
0 -- 7.100000
1 -- 7.100000
h_do_max_destroy: d 7.100000 
h_do_vector_inf_norm: din 0x1300200000 dout 0x1300200028 tblsize 8
h_do_copy_vector: din1 0x1300200000 out 0x1300200028 tblsize 8
h_do_abs_vector: din1 0x1300200028 tblsize 8
dbg_p_d_data_f: h_do_max_destroy before size 32 dp 0x1300200028
dbg_pdata_f: h_do_max_destroy before
0 -- 8.100000
1 -- 7.100000
2 -- 6.100000
3 -- 5.100000
4 -- 4.100000
5 -- 3.100000
6 -- 2.100000
7 -- 1.100000
dbg_p_d_data_f: h_do_max_destroy after size 32 dp 0x1300200028
dbg_pdata_f: h_do_max_destroy after
0 -- 8.100000
1 -- 7.100000
2 -- 6.100000
3 -- 5.100000
4 -- 4.100000
5 -- 3.100000
6 -- 2.100000
7 -- 1.100000
dbg_p_d_data_f: h_do_max_destroy before size 16 dp 0x1300200028
dbg_pdata_f: h_do_max_destroy before
0 -- 8.100000
1 -- 7.100000
2 -- 6.100000
3 -- 5.100000
dbg_p_d_data_f: h_do_max_destroy after size 16 dp 0x1300200028
dbg_pdata_f: h_do_max_destroy after
0 -- 8.100000
1 -- 7.100000
2 -- 6.100000
3 -- 5.100000
dbg_p_d_data_f: h_do_max_destroy before size 8 dp 0x1300200028
dbg_pdata_f: h_do_max_destroy before
0 -- 8.100000
1 -- 7.100000
dbg_p_d_data_f: h_do_max_destroy after size 8 dp 0x1300200028
dbg_pdata_f: h_do_max_destroy after
0 -- 8.100000
1 -- 7.100000
h_do_vector_inf_norm: inf norm 8.100000 
h_do_vector_inf_norm: d 8.100000 
testing h_do_vhtc_2_hvtc ------------------------------------------------
C --> MATLAB ..................................................
dbg_p_d_data_f_mn: h_do_hvtc_2_vhtc before m 4 n 3 size 72 dp 0x1300200400 dbgsize 1048576
dbg_p_d_data_f_mn: h_do_hvtc_2_vhtc before m 4 n 3 size 288 dp 0x1300200400 dbgsize 1048576
1.10	2.10	3.10	4.10	
5.10	6.10	7.10	8.10	
9.10	10.10	11.10	12.10	

13.10	14.10	15.10	16.10	
17.10	18.10	19.10	20.10	
21.10	22.10	23.10	24.10	

25.10	26.10	27.10	28.10	
29.10	30.10	31.10	32.10	
33.10	34.10	35.10	36.10	

37.10	38.10	39.10	40.10	
41.10	42.10	43.10	44.10	
45.10	46.10	47.10	48.10	

49.10	50.10	51.10	52.10	
53.10	54.10	55.10	56.10	
57.10	58.10	59.10	60.10	

61.10	62.10	63.10	64.10	
65.10	66.10	67.10	68.10	
69.10	70.10	71.10	72.10	

dbg_p_d_data_f: h_do_hvtc_2_vhtc before size 288 dp 0x1300200400
dbg_pdata_f: h_do_hvtc_2_vhtc before
0 -- 1.100000
1 -- 2.100000
2 -- 3.100000
3 -- 4.100000
4 -- 5.100000
5 -- 6.100000
6 -- 7.100000
7 -- 8.100000
8 -- 9.100000
9 -- 10.100000
10 -- 11.100000
11 -- 12.100000
12 -- 13.100000
13 -- 14.100000
14 -- 15.100000
15 -- 16.100000
16 -- 17.100000
17 -- 18.100000
18 -- 19.100000
19 -- 20.100000
20 -- 21.100000
21 -- 22.100000
22 -- 23.100000
23 -- 24.100000
24 -- 25.100000
25 -- 26.100000
26 -- 27.100000
27 -- 28.100000
28 -- 29.100000
29 -- 30.100000
30 -- 31.100000
31 -- 32.099998
32 -- 33.099998
33 -- 34.099998
34 -- 35.099998
35 -- 36.099998
36 -- 37.099998
37 -- 38.099998
38 -- 39.099998
39 -- 40.099998
40 -- 41.099998
41 -- 42.099998
42 -- 43.099998
43 -- 44.099998
44 -- 45.099998
45 -- 46.099998
46 -- 47.099998
47 -- 48.099998
48 -- 49.099998
49 -- 50.099998
50 -- 51.099998
51 -- 52.099998
52 -- 53.099998
53 -- 54.099998
54 -- 55.099998
55 -- 56.099998
56 -- 57.099998
57 -- 58.099998
58 -- 59.099998
59 -- 60.099998
60 -- 61.099998
61 -- 62.099998
62 -- 63.099998
63 -- 64.099998
64 -- 65.099998
65 -- 66.099998
66 -- 67.099998
67 -- 68.099998
68 -- 69.099998
69 -- 70.099998
70 -- 71.099998
71 -- 72.099998
dbg_p_d_data_f: h_do_hvtc_2_vhtc after size 288 dp 0x1300200520
dbg_pdata_f: h_do_hvtc_2_vhtc after
0 -- 1.100000
1 -- 5.100000
2 -- 9.100000
3 -- 2.100000
4 -- 6.100000
5 -- 10.100000
6 -- 3.100000
7 -- 7.100000
8 -- 11.100000
9 -- 4.100000
10 -- 8.100000
11 -- 12.100000
12 -- 13.100000
13 -- 17.100000
14 -- 21.100000
15 -- 14.100000
16 -- 18.100000
17 -- 22.100000
18 -- 15.100000
19 -- 19.100000
20 -- 23.100000
21 -- 16.100000
22 -- 20.100000
23 -- 24.100000
24 -- 25.100000
25 -- 29.100000
26 -- 33.099998
27 -- 26.100000
28 -- 30.100000
29 -- 34.099998
30 -- 27.100000
31 -- 31.100000
32 -- 35.099998
33 -- 28.100000
34 -- 32.099998
35 -- 36.099998
36 -- 37.099998
37 -- 41.099998
38 -- 45.099998
39 -- 38.099998
40 -- 42.099998
41 -- 46.099998
42 -- 39.099998
43 -- 43.099998
44 -- 47.099998
45 -- 40.099998
46 -- 44.099998
47 -- 48.099998
48 -- 49.099998
49 -- 53.099998
50 -- 57.099998
51 -- 50.099998
52 -- 54.099998
53 -- 58.099998
54 -- 51.099998
55 -- 55.099998
56 -- 59.099998
57 -- 52.099998
58 -- 56.099998
59 -- 60.099998
60 -- 61.099998
61 -- 65.099998
62 -- 69.099998
63 -- 62.099998
64 -- 66.099998
65 -- 70.099998
66 -- 63.099998
67 -- 67.099998
68 -- 71.099998
69 -- 64.099998
70 -- 68.099998
71 -- 72.099998
MATLAB --> C ..................................................
dbg_p_d_data_f: h_do_vhtc_2_hvtc before size 288 dp 0x1300200400
dbg_pdata_f: h_do_vhtc_2_hvtc before
0 -- 1.100000
1 -- 2.100000
2 -- 3.100000
3 -- 4.100000
4 -- 5.100000
5 -- 6.100000
6 -- 7.100000
7 -- 8.100000
8 -- 9.100000
9 -- 10.100000
10 -- 11.100000
11 -- 12.100000
12 -- 13.100000
13 -- 14.100000
14 -- 15.100000
15 -- 16.100000
16 -- 17.100000
17 -- 18.100000
18 -- 19.100000
19 -- 20.100000
20 -- 21.100000
21 -- 22.100000
22 -- 23.100000
23 -- 24.100000
24 -- 25.100000
25 -- 26.100000
26 -- 27.100000
27 -- 28.100000
28 -- 29.100000
29 -- 30.100000
30 -- 31.100000
31 -- 32.099998
32 -- 33.099998
33 -- 34.099998
34 -- 35.099998
35 -- 36.099998
36 -- 37.099998
37 -- 38.099998
38 -- 39.099998
39 -- 40.099998
40 -- 41.099998
41 -- 42.099998
42 -- 43.099998
43 -- 44.099998
44 -- 45.099998
45 -- 46.099998
46 -- 47.099998
47 -- 48.099998
48 -- 49.099998
49 -- 50.099998
50 -- 51.099998
51 -- 52.099998
52 -- 53.099998
53 -- 54.099998
54 -- 55.099998
55 -- 56.099998
56 -- 57.099998
57 -- 58.099998
58 -- 59.099998
59 -- 60.099998
60 -- 61.099998
61 -- 62.099998
62 -- 63.099998
63 -- 64.099998
64 -- 65.099998
65 -- 66.099998
66 -- 67.099998
67 -- 68.099998
68 -- 69.099998
69 -- 70.099998
70 -- 71.099998
71 -- 72.099998
dbg_p_d_data_f_mn: h_do_vhtc_2_hvtc after m 4 n 3 size 72 dp 0x1300200520 dbgsize 1048576
dbg_p_d_data_f_mn: h_do_vhtc_2_hvtc after m 4 n 3 size 288 dp 0x1300200520 dbgsize 1048576
1.10	4.10	7.10	10.10	
2.10	5.10	8.10	11.10	
3.10	6.10	9.10	12.10	

13.10	16.10	19.10	22.10	
14.10	17.10	20.10	23.10	
15.10	18.10	21.10	24.10	

25.10	28.10	31.10	34.10	
26.10	29.10	32.10	35.10	
27.10	30.10	33.10	36.10	

37.10	40.10	43.10	46.10	
38.10	41.10	44.10	47.10	
39.10	42.10	45.10	48.10	

49.10	52.10	55.10	58.10	
50.10	53.10	56.10	59.10	
51.10	54.10	57.10	60.10	

61.10	64.10	67.10	70.10	
62.10	65.10	68.10	71.10	
63.10	66.10	69.10	72.10	

dbg_p_d_data_f: h_do_vhtc_2_hvtc after size 288 dp 0x1300200520
dbg_pdata_f: h_do_vhtc_2_hvtc after
0 -- 1.100000
1 -- 4.100000
2 -- 7.100000
3 -- 10.100000
4 -- 2.100000
5 -- 5.100000
6 -- 8.100000
7 -- 11.100000
8 -- 3.100000
9 -- 6.100000
10 -- 9.100000
11 -- 12.100000
12 -- 13.100000
13 -- 16.100000
14 -- 19.100000
15 -- 22.100000
16 -- 14.100000
17 -- 17.100000
18 -- 20.100000
19 -- 23.100000
20 -- 15.100000
21 -- 18.100000
22 -- 21.100000
23 -- 24.100000
24 -- 25.100000
25 -- 28.100000
26 -- 31.100000
27 -- 34.099998
28 -- 26.100000
29 -- 29.100000
30 -- 32.099998
31 -- 35.099998
32 -- 27.100000
33 -- 30.100000
34 -- 33.099998
35 -- 36.099998
36 -- 37.099998
37 -- 40.099998
38 -- 43.099998
39 -- 46.099998
40 -- 38.099998
41 -- 41.099998
42 -- 44.099998
43 -- 47.099998
44 -- 39.099998
45 -- 42.099998
46 -- 45.099998
47 -- 48.099998
48 -- 49.099998
49 -- 52.099998
50 -- 55.099998
51 -- 58.099998
52 -- 50.099998
53 -- 53.099998
54 -- 56.099998
55 -- 59.099998
56 -- 51.099998
57 -- 54.099998
58 -- 57.099998
59 -- 60.099998
60 -- 61.099998
61 -- 64.099998
62 -- 67.099998
63 -- 70.099998
64 -- 62.099998
65 -- 65.099998
66 -- 68.099998
67 -- 71.099998
68 -- 63.099998
69 -- 66.099998
70 -- 69.099998
71 -- 72.099998
