dbg_p_d_data_i: f1 size 32 dp 0x1300200040
dbg_pdata_i: f1
0 -- 00000042 66
1 -- 0000000b 11
2 -- 0000004d 77
3 -- 00000021 33
4 -- 00000016 22
5 -- 0000002c 44
6 -- 00000058 88
7 -- 00000037 55
dbg_p_d_data_i: f2 size 32 dp 0x1300200040
dbg_pdata_i: f2
0 -- 00000016 22
1 -- 00000037 55
2 -- 0000002c 44
3 -- 00000042 66
4 -- 00000058 88
5 -- 0000000b 11
6 -- 00000021 33
7 -- 0000004d 77
dbg_p_d_data_f: h_do_permutation_generic_f1 perm before size 32 dp 0x1300200220
dbg_pdata_f: h_do_permutation_generic_f1 perm before
0 -- 11.000000
1 -- 22.000000
2 -- 33.000000
3 -- 44.000000
4 -- 55.000000
5 -- 66.000000
6 -- 77.000000
7 -- 88.000000
dbg_p_d_data_f: h_do_permutation_generic_f1 perm after size 32 dp 0x1300200240
dbg_pdata_f: h_do_permutation_generic_f1 perm after
0 -- 66.000000
1 -- 11.000000
2 -- 77.000000
3 -- 33.000000
4 -- 22.000000
5 -- 44.000000
6 -- 88.000000
7 -- 55.000000
dbg_p_d_data_f: float f1 size 32 dp 0x1300200240
dbg_pdata_f: float f1
0 -- 66.000000
1 -- 11.000000
2 -- 77.000000
3 -- 33.000000
4 -- 22.000000
5 -- 44.000000
6 -- 88.000000
7 -- 55.000000
dbg_p_d_data_f: float f2 size 32 dp 0x1300200240
dbg_pdata_f: float f2
0 -- 22.000000
1 -- 55.000000
2 -- 44.000000
3 -- 66.000000
4 -- 88.000000
5 -- 11.000000
6 -- 33.000000
7 -- 77.000000
dbg_p_d_data_i: IN h_set_random_table size 40 dp 0x1300200400
dbg_pdata_i: IN h_set_random_table
0 -- 00000000 0
1 -- 00000006 6
2 -- 00000003 3
3 -- 00000007 7
4 -- 00000008 8
5 -- 00000005 5
6 -- 00000001 1
7 -- 00000002 2
8 -- 00000004 4
9 -- 00000009 9
dbg_p_d_data_i: IN h_set_random_table size 40 dp 0x1300200428
dbg_pdata_i: IN h_set_random_table
0 -- 00000003 3
1 -- 00000006 6
2 -- 00000005 5
3 -- 00000007 7
4 -- 00000004 4
5 -- 00000008 8
6 -- 00000009 9
7 -- 00000001 1
8 -- 0000000a 10
9 -- 00000002 2
dbg_p_d_data_i: IN h_set_random_table size 40 dp 0x1300200428
dbg_pdata_i: IN h_set_random_table
0 -- 00000002 2
1 -- 00000005 5
2 -- 00000004 4
3 -- 00000006 6
4 -- 00000003 3
5 -- 00000007 7
6 -- 00000008 8
7 -- 00000000 0
8 -- 00000009 9
9 -- 00000001 1
dbg_p_d_data_i: d_pL size 40 dp 0x1300200400
dbg_pdata_i: d_pL
0 -- 00000000 0
1 -- 00000006 6
2 -- 00000003 3
3 -- 00000007 7
4 -- 00000008 8
5 -- 00000005 5
6 -- 00000001 1
7 -- 00000002 2
8 -- 00000004 4
9 -- 00000009 9
dbg_p_d_data_i: d_pR size 40 dp 0x1300200428
dbg_pdata_i: d_pR
0 -- 00000002 2
1 -- 00000005 5
2 -- 00000004 4
3 -- 00000006 6
4 -- 00000003 3
5 -- 00000007 7
6 -- 00000008 8
7 -- 00000000 0
8 -- 00000009 9
9 -- 00000001 1
dbg_p_d_data_i: d_t1 size 40 dp 0x1300200450
dbg_pdata_i: d_t1
0 -- 00000000 0
1 -- 00000001 1
2 -- 00000002 2
3 -- 00000003 3
4 -- 00000004 4
5 -- 00000005 5
6 -- 00000006 6
7 -- 00000007 7
8 -- 00000008 8
9 -- 00000009 9
dbg_p_d_data_i: d_t2 size 40 dp 0x1300200478
dbg_pdata_i: d_t2
0 -- 00000007 7
1 -- 00000009 9
2 -- 00000000 0
3 -- 00000004 4
4 -- 00000002 2
5 -- 00000001 1
6 -- 00000003 3
7 -- 00000005 5
8 -- 00000006 6
9 -- 00000008 8
dbg_p_d_data_i: d_t3 size 40 dp 0x13002004a0
dbg_pdata_i: d_t3
0 -- 00000007 7
1 -- 00000003 3
2 -- 00000004 4
3 -- 00000005 5
4 -- 00000006 6
5 -- 00000001 1
6 -- 00000009 9
7 -- 00000000 0
8 -- 00000002 2
9 -- 00000008 8
dbg_p_d_data_i: d_t4 size 40 dp 0x13002004c8
dbg_pdata_i: d_t4
0 -- 00000007 7
1 -- 00000009 9
2 -- 00000000 0
3 -- 00000004 4
4 -- 00000002 2
5 -- 00000001 1
6 -- 00000003 3
7 -- 00000005 5
8 -- 00000006 6
9 -- 00000008 8
dbg_p_d_data_i: d_t2 size 40 dp 0x1300200478
dbg_pdata_i: d_t2
0 -- 00000000 0
1 -- 00000001 1
2 -- 00000002 2
3 -- 00000003 3
4 -- 00000004 4
5 -- 00000005 5
6 -- 00000006 6
7 -- 00000007 7
8 -- 00000008 8
9 -- 00000009 9
dbg_p_d_data_i: d_t5 size 40 dp 0x13002004f0
dbg_pdata_i: d_t5
0 -- 00000000 0
1 -- 00000006 6
2 -- 00000007 7
3 -- 00000002 2
4 -- 00000008 8
5 -- 00000005 5
6 -- 00000001 1
7 -- 00000003 3
8 -- 00000004 4
9 -- 00000009 9
h_do_permutation_generic_f1: din 0x1300200020 dout 0x1300200040 perm 0x1300200000 tblsize 8
h_do_permutation_generic_f2: din 0x1300200020 dout 0x1300200040 perm 0x1300200000 size 8 
h_do_permutation_generic_f1: din 0x1300200220 dout 0x1300200240 perm 0x1300200000 tblsize 8
h_do_permutation_generic_f2: din 0x1300200220 dout 0x1300200240 perm 0x1300200000 size 8 tblsize 23383152
starting tst_2 ... 
h_do_permutation_generic_f1: din 0x1300200450 dout 0x1300200478 perm 0x1300200428 tblsize 10
h_do_permutation_generic_f2: din 0x1300200478 dout 0x13002004a0 perm 0x1300200400 size 10 
h_do_permutation_generic_f1: din 0x13002004a0 dout 0x13002004c8 perm 0x1300200400 tblsize 10
h_do_permutation_generic_f2: din 0x13002004c8 dout 0x1300200478 perm 0x1300200428 size 10 
h_do_permutation_generic_inverse: dout 0x13002004f0 perm 0x1300200400 tblsize 10
