dbg_p_d_data_i: after one size 48 dp 0x1300200000
dbg_pdata_i: after one
0 -- 00000000 0
1 -- 00000007 7
2 -- 00000002 2
3 -- 0000000b 11
4 -- 00000006 6
5 -- 00000009 9
6 -- 00000008 8
7 -- 00000004 4
8 -- 00000001 1
9 -- 0000000a 10
10 -- 00000005 5
11 -- 00000003 3
dbg_ck_unique : after one good
dbg_p_d_data_i: after two size 48 dp 0x1300200000
dbg_pdata_i: after two
0 -- 00000006 6
1 -- 00000001 1
2 -- 0000000a 10
3 -- 00000005 5
4 -- 00000008 8
5 -- 00000007 7
6 -- 00000003 3
7 -- 00000000 0
8 -- 0000000b 11
9 -- 00000009 9
10 -- 00000004 4
11 -- 00000002 2
dbg_ck_unique : after two good
dbg_pdata_i: after 3 host
0 -- 00000000 0
1 -- 00000007 7
2 -- 00000002 2
3 -- 0000000b 11
4 -- 00000006 6
5 -- 00000009 9
6 -- 00000008 8
7 -- 00000004 4
8 -- 00000001 1
9 -- 0000000a 10
10 -- 00000005 5
11 -- 00000003 3
dbg_p_d_data_i: after three size 48 dp 0x1300200000
dbg_pdata_i: after three
0 -- 00000000 0
1 -- 00000007 7
2 -- 00000002 2
3 -- 0000000b 11
4 -- 00000006 6
5 -- 00000009 9
6 -- 00000008 8
7 -- 00000004 4
8 -- 00000001 1
9 -- 0000000a 10
10 -- 00000005 5
11 -- 00000003 3
dbg_ck_unique : after three good
dbg_pdata_i: after 4 host
0 -- 00000007 7
1 -- 00000002 2
2 -- 0000000b 11
3 -- 00000006 6
4 -- 00000009 9
5 -- 00000008 8
6 -- 00000004 4
7 -- 00000001 1
8 -- 0000000c 12
9 -- 0000000a 10
10 -- 00000005 5
11 -- 00000003 3
dbg_p_d_data_i: after four size 48 dp 0x1300200000
dbg_pdata_i: after four
0 -- 00000006 6
1 -- 00000001 1
2 -- 0000000a 10
3 -- 00000005 5
4 -- 00000008 8
5 -- 00000007 7
6 -- 00000003 3
7 -- 00000000 0
8 -- 0000000b 11
9 -- 00000009 9
10 -- 00000004 4
11 -- 00000002 2
dbg_ck_unique : after four good
only init once ......................................................
dbg_p_d_data_i: after one size 48 dp 0x1300200000
dbg_pdata_i: after one
0 -- 00000000 0
1 -- 00000007 7
2 -- 00000002 2
3 -- 0000000b 11
4 -- 00000006 6
5 -- 00000009 9
6 -- 00000008 8
7 -- 00000004 4
8 -- 00000001 1
9 -- 0000000a 10
10 -- 00000005 5
11 -- 00000003 3
dbg_ck_unique : after one good
dbg_p_d_data_i: after two size 48 dp 0x1300200000
dbg_pdata_i: after two
0 -- 00000009 9
1 -- 00000004 4
2 -- 00000002 2
3 -- 0000000b 11
4 -- 00000001 1
5 -- 00000008 8
6 -- 00000000 0
7 -- 00000003 3
8 -- 00000005 5
9 -- 00000007 7
10 -- 00000006 6
11 -- 0000000a 10
dbg_ck_unique : after two good
dbg_pdata_i: after 3 host
0 -- 00000000 0
1 -- 00000007 7
2 -- 00000002 2
3 -- 0000000b 11
4 -- 00000006 6
5 -- 00000009 9
6 -- 00000008 8
7 -- 00000004 4
8 -- 00000001 1
9 -- 0000000a 10
10 -- 00000005 5
11 -- 00000003 3
dbg_p_d_data_i: after three size 48 dp 0x1300200000
dbg_pdata_i: after three
0 -- 00000000 0
1 -- 00000007 7
2 -- 00000002 2
3 -- 0000000b 11
4 -- 00000006 6
5 -- 00000009 9
6 -- 00000008 8
7 -- 00000004 4
8 -- 00000001 1
9 -- 0000000a 10
10 -- 00000005 5
11 -- 00000003 3
dbg_ck_unique : after three good
dbg_pdata_i: after 4 host
0 -- 0000000a 10
1 -- 00000005 5
2 -- 00000003 3
3 -- 0000000c 12
4 -- 00000002 2
5 -- 00000009 9
6 -- 00000001 1
7 -- 00000004 4
8 -- 00000006 6
9 -- 00000008 8
10 -- 00000007 7
11 -- 0000000b 11
dbg_p_d_data_i: after four size 48 dp 0x1300200000
dbg_pdata_i: after four
0 -- 00000009 9
1 -- 00000004 4
2 -- 00000002 2
3 -- 0000000b 11
4 -- 00000001 1
5 -- 00000008 8
6 -- 00000000 0
7 -- 00000003 3
8 -- 00000005 5
9 -- 00000007 7
10 -- 00000006 6
11 -- 0000000a 10
dbg_ck_unique : after four good
